{"level":"warn","message":"Knowledge item with ID 2 not found","timestamp":"2025-04-06T08:22:27.688Z"}
{"level":"info","message":"Fetched knowledge item with ID: 23","timestamp":"2025-04-06T08:22:31.455Z"}
{"level":"info","message":"Knowledge item with ID 23 deleted successfully","timestamp":"2025-04-06T08:22:36.116Z"}
{"level":"warn","message":"Knowledge item with ID 2 not found to delete","timestamp":"2025-04-06T08:22:39.981Z"}
{"level":"error","message":"Error creating knowledge item: SQLITE_BUSY: database is locked","timestamp":"2025-04-07T18:43:37.346Z"}
{"level":"info","message":"Knowledge item created: Version Test","timestamp":"2025-04-08T06:46:33.936Z"}
{"level":"error","message":"Error updating knowledge item: Cannot destructure property 'tags' of 'data' as it is undefined.","timestamp":"2025-04-08T06:48:02.889Z"}
{"level":"error","message":"Error updating knowledge item: Cannot read properties of undefined (reading 'destroy')","timestamp":"2025-04-08T06:52:21.064Z"}
{"level":"warn","message":"Knowledge item with ID 103 not found to update","timestamp":"2025-04-08T07:22:03.491Z"}
{"level":"warn","message":"Knowledge item with ID 103 not found","timestamp":"2025-04-08T07:23:19.249Z"}
{"level":"info","message":"Fetched knowledge item with ID: 1","timestamp":"2025-04-08T07:23:23.947Z"}
{"level":"error","message":"Error updating knowledge item: Cannot read properties of undefined (reading 'destroy')","timestamp":"2025-04-08T07:24:12.820Z"}
{"level":"info","message":"Knowledge item created: Version Test","timestamp":"2025-04-08T07:28:16.650Z"}
{"level":"error","message":"Error updating knowledge item: Cannot destructure property 'tags' of 'data' as it is undefined.","timestamp":"2025-04-08T07:28:57.401Z"}
{"level":"info","message":"Knowledge item created: Version Test","timestamp":"2025-04-08T07:41:14.880Z"}
{"level":"info","message":"Fetched knowledge item with ID: 304","timestamp":"2025-04-08T07:41:45.824Z"}
{"level":"warn","message":"Knowledge item with ID 1 not found to update","timestamp":"2025-04-08T07:42:01.448Z"}
{"level":"error","message":"Error updating knowledge item: Cannot destructure property 'tags' of 'data' as it is undefined.","timestamp":"2025-04-08T07:42:22.982Z"}
{"level":"info","message":"Knowledge item created: Version Test","timestamp":"2025-04-08T07:45:45.897Z"}
{"level":"error","message":"Error updating knowledge item: Cannot destructure property 'tags' of 'data' as it is undefined.","timestamp":"2025-04-08T07:46:19.975Z"}
{"level":"error","message":"Error updating knowledge item: Cannot destructure property 'tags' of 'data' as it is undefined.","timestamp":"2025-04-08T07:46:38.557Z"}
{"level":"error","message":"Error updating knowledge item: Cannot read properties of undefined (reading 'findOne')","timestamp":"2025-04-08T07:47:32.674Z"}
{"level":"info","message":"Knowledge item created: Version Test","timestamp":"2025-04-08T07:55:17.975Z"}
{"level":"error","message":"Error updating knowledge item: oldItem is not defined","timestamp":"2025-04-08T07:55:38.520Z"}
{"level":"error","message":"Error updating knowledge item: oldItem is not defined","timestamp":"2025-04-08T07:55:53.170Z"}
{"level":"error","message":"Error updating knowledge item: oldItem is not defined","timestamp":"2025-04-08T08:01:03.997Z"}
{"level":"info","message":"Knowledge item created: Version Test","timestamp":"2025-04-08T08:01:42.880Z"}
{"level":"error","message":"Error updating knowledge item: SQLITE_ERROR: no such table: main.KnowledgeItem","timestamp":"2025-04-08T08:01:56.559Z"}
{"level":"info","message":"Knowledge item created: Version Test","timestamp":"2025-04-08T08:13:04.836Z"}
{"level":"info","message":"Knowledge item with ID 101 updated successfully","timestamp":"2025-04-08T08:13:16.487Z"}
{"level":"error","message":"Error deleting knowledge item: SQLITE_CONSTRAINT: FOREIGN KEY constraint failed","timestamp":"2025-04-08T08:14:40.444Z"}
{"level":"info","message":"Knowledge item created: Version Test","timestamp":"2025-04-08T08:54:41.357Z"}
{"level":"info","message":"Knowledge item with ID 202 updated successfully","timestamp":"2025-04-08T08:55:08.099Z"}
{"level":"info","message":"Knowledge item with ID 202 deleted successfully","timestamp":"2025-04-08T09:57:05.029Z"}
{"level":"warn","message":"Knowledge item with ID 202 not found","timestamp":"2025-04-08T09:57:20.081Z"}
{"level":"info","message":"Knowledge item created: Heart Health","timestamp":"2025-04-08T10:12:31.931Z"}
{"level":"info","message":"Fetched all knowledge items","timestamp":"2025-04-08T10:12:38.963Z"}
{"level":"info","message":"Fetched knowledge item with ID: 2","timestamp":"2025-04-08T10:12:49.258Z"}
{"level":"info","message":"Knowledge item with ID 2 updated successfully","timestamp":"2025-04-08T10:13:21.513Z"}
{"level":"info","message":"Found 0 knowledge items for title: undefined","timestamp":"2025-04-08T10:13:56.243Z"}
{"level":"info","message":"Found 2 knowledge items for title: Heart","timestamp":"2025-04-08T10:14:14.071Z"}
{"level":"info","message":"Found 1 knowledge items for subtitle: Overview","timestamp":"2025-04-08T10:14:22.552Z"}
{"level":"info","message":"Found 0 knowledge items for title: undefined","timestamp":"2025-04-08T10:20:42.219Z"}
{"level":"info","message":"Found 0 knowledge items for title: undefined","timestamp":"2025-04-08T10:21:32.079Z"}
{"level":"info","message":"Fetched all knowledge items","timestamp":"2025-04-08T10:21:43.646Z"}
{"level":"info","message":"Found 42 knowledge items for tag: cardiology","timestamp":"2025-04-08T10:49:37.782Z"}
{"level":"info","message":"Fetched knowledge item with ID: 39","timestamp":"2025-04-08T10:51:33.923Z"}
{"level":"info","message":"Fetched knowledge item with ID: 100","timestamp":"2025-04-08T15:16:17.816Z"}
{"level":"info","message":"Fetched knowledge item with ID: 100","timestamp":"2025-04-08T15:48:11.534Z"}
{"level":"error","message":"Error retrieving knowledge item: Failed to get knowledge item by ID: Item not found","timestamp":"2025-04-08T15:48:46.895Z"}
{"level":"error","message":"Error retrieving knowledge item: Failed to get knowledge item by ID: Item not found","timestamp":"2025-04-08T15:53:28.267Z"}
{"level":"error","message":"Error retrieving knowledge item: Failed to get knowledge item by ID: Item not found","timestamp":"2025-04-08T15:53:36.371Z"}
{"level":"info","message":"Fetched knowledge item with ID: 100","timestamp":"2025-04-08T16:01:55.457Z"}
{"level":"error","message":"Error creating knowledge item: Failed to create knowledge item: SQLITE_BUSY: database is locked","timestamp":"2025-04-08T16:57:01.501Z"}
{"level":"error","message":"Error creating knowledge item: Failed to create knowledge item: SQLITE_BUSY: database is locked","timestamp":"2025-04-08T16:58:32.862Z"}
{"level":"error","message":"Error creating knowledge item: Failed to create knowledge item: SQLITE_BUSY: database is locked","timestamp":"2025-04-08T17:12:27.983Z"}
{"level":"error","message":"Error creating knowledge item: Failed to create knowledge item: SQLITE_BUSY: database is locked","timestamp":"2025-04-08T17:15:52.615Z"}
{"level":"info","message":"Fetched all knowledge items","timestamp":"2025-04-08T17:16:25.269Z"}
{"level":"info","message":"Fetched knowledge item with ID: 100","timestamp":"2025-04-08T17:17:21.599Z"}
{"level":"info","message":"Knowledge item with ID 100 deleted successfully","timestamp":"2025-04-08T17:18:44.174Z"}
{"level":"error","message":"Error retrieving knowledge item: Failed to get knowledge item by ID: Item not found","timestamp":"2025-04-08T17:18:50.661Z"}
{"level":"error","message":"Error updating knowledge item: Failed to update knowledge item: Cannot destructure property 'tags' of 'data' as it is undefined.","timestamp":"2025-04-08T17:19:36.601Z"}
{"level":"info","message":"Fetched knowledge item with ID: 89","timestamp":"2025-04-08T17:20:56.220Z"}
{"level":"error","message":"Error updating knowledge item: Failed to update knowledge item: SQLITE_BUSY: database is locked","timestamp":"2025-04-08T17:21:43.796Z"}
{"level":"info","message":"Fetched knowledge item with ID: 2","timestamp":"2025-04-08T17:28:23.234Z"}
{"level":"info","message":"Fetched knowledge item with ID: 2","timestamp":"2025-04-08T17:28:52.025Z"}
{"level":"error","message":"Error updating knowledge item: Failed to update knowledge item: Cannot destructure property 'tags' of 'data' as it is undefined.","timestamp":"2025-04-08T17:29:35.404Z"}
{"level":"error","message":"Error updating knowledge item: Failed to update knowledge item: Item not found","timestamp":"2025-04-08T17:29:50.094Z"}
{"level":"error","message":"Error updating knowledge item: Failed to update knowledge item: Cannot destructure property 'tags' of 'data' as it is undefined.","timestamp":"2025-04-08T17:30:09.078Z"}
{"level":"error","message":"Error updating knowledge item: Failed to update knowledge item: SQLITE_BUSY: database is locked","timestamp":"2025-04-08T17:30:44.806Z"}
{"level":"info","message":"Knowledge item with ID 1 updated successfully","timestamp":"2025-04-08T17:39:00.460Z"}
{"level":"info","message":"Knowledge item created: Test Title","timestamp":"2025-04-08T17:39:46.334Z"}
{"level":"info","message":"Fetched knowledge item with ID: 51","timestamp":"2025-04-08T17:40:02.832Z"}
{"level":"info","message":"Knowledge item with ID 51 updated successfully","timestamp":"2025-04-08T17:40:16.162Z"}
{"level":"info","message":"Fetched knowledge item with ID: 51","timestamp":"2025-04-08T17:40:31.072Z"}
{"level":"error","message":"Error creating knowledge item: Failed to create knowledge item: SQLITE_BUSY: database is locked","timestamp":"2025-04-08T17:45:42.255Z"}
{"level":"error","message":"Error creating knowledge item: Failed to create knowledge item: SQLITE_BUSY: database is locked","timestamp":"2025-04-08T17:46:30.032Z"}
{"level":"info","message":"Knowledge item created: Test Title","timestamp":"2025-04-08T17:46:46.474Z"}
{"level":"info","message":"Fetched all knowledge items","timestamp":"2025-04-08T17:46:58.618Z"}
{"level":"info","message":"Knowledge item with ID 52 updated successfully","timestamp":"2025-04-08T17:47:21.112Z"}
{"level":"info","message":"Fetched knowledge item with ID: 52","timestamp":"2025-04-08T17:47:53.719Z"}
{"level":"info","message":"Knowledge item with ID 52 deleted successfully","timestamp":"2025-04-08T17:48:37.828Z"}
{"level":"error","message":"Error retrieving knowledge item: Failed to get knowledge item by ID: Item not found","timestamp":"2025-04-08T17:48:43.288Z"}
{"level":"error","message":"Error creating knowledge item: Failed to create knowledge item: SQLITE_BUSY: database is locked","timestamp":"2025-04-08T17:53:04.960Z"}
{"level":"info","message":"Knowledge item created: Test Title","timestamp":"2025-04-08T17:53:14.480Z"}
{"level":"info","message":"Fetched knowledge item with ID: 102","timestamp":"2025-04-08T17:53:37.829Z"}
{"level":"info","message":"Knowledge item with ID 102 deleted successfully","timestamp":"2025-04-08T17:55:20.692Z"}
{"level":"info","message":"Fetched knowledge item with ID: 1","timestamp":"2025-04-08T17:55:44.997Z"}
{"level":"info","message":"Knowledge item with ID 1 updated successfully","timestamp":"2025-04-08T17:55:59.277Z"}
{"level":"info","message":"Fetched knowledge item with ID: 1","timestamp":"2025-04-08T17:56:11.316Z"}
